[observatory.astro.utah.edu/description.html]
[observatory.astro.utah.edu/index.html]
[observatory.astro.utah.edu/outreach.html]
[observatory.astro.utah.edu/spocontact.html]
[observatory.astro.utah.edu/visitor.html]
[observatory.astro.utah.edu/directions.html]
[backblue.gif]
[fade.gif]
[index.html]
[observatory.astro.utah.edu/istyle.css]
[observatory.astro.utah.edu/thumbnailviewer.css]
[observatory.astro.utah.edu/thumbnailviewer.js]
[observatory.astro.utah.edu/SpryAssets/SpryMenuBar.js]
[observatory.astro.utah.edu/SpryAssets/SpryMenuBarVertical.css]
[observatory.astro.utah.edu/astroinfo/hhc-home.jpg]
[observatory.astro.utah.edu/astroinfo/Ulogo_black.jpg]
[connect.facebook.net/en_US/all.js]
[observatory.astro.utah.edu/astroinfo/OpenSign.jpg]
[observatory.astro.utah.edu/astroinfo/meteroites.jpg]
[observatory.astro.utah.edu/Solar.html]
[observatory.astro.utah.edu/Solar-bryce.html]
[observatory.astro.utah.edu/astro/leonidbolide.html]
[stereo.gsfc.nasa.gov/beacon/latest_256/ahead_euvi_304_latest.jpg]
[stereo.gsfc.nasa.gov/beacon/latest_256/ahead_euvi_195_latest.jpg]
[sdo.gsfc.nasa.gov/assets/img/latest/latest_512_0304.jpg]
[soho.nascom.nasa.gov/data/LATEST/current_c2small.gif]
[observatory.astro.utah.edu/astroinfo/skywatch.jpg]
[images.intellicast.com/WxImages/SatelliteLoop/hipacsat_None_anim.gif]
[www.cleardarksky.com/c/SaltLakeUTcskd10e.gif]
[observatory.astro.utah.edu/astroinfo/st.jpg]
[observatory.astro.utah.edu/sun.html]
[soho.nascom.nasa.gov/data/realtime/eit_304/512/latest.jpg]
[observatory.astro.utah.edu/ssplanets.html]
[observatory.astro.utah.edu/astroinfo/Earth-23-june.gif]
[observatory.astro.utah.edu/SSO.html]
[observatory.astro.utah.edu/astroinfo/Asteroid460.jpg]
[observatory.astro.utah.edu/Stars.html]
[observatory.astro.utah.edu/astroinfo/cambells.jpg]
[observatory.astro.utah.edu/exoplanet.html]
[observatory.astro.utah.edu/astroinfo/exoplanet.jpg]
[observatory.astro.utah.edu/nebula.html]
[observatory.astro.utah.edu/astroinfo/M8.jpg]
[observatory.astro.utah.edu/clusters.html]
[observatory.astro.utah.edu/astroinfo/m15.jpg]
[observatory.astro.utah.edu/galaxy.html]
[observatory.astro.utah.edu/astroinfo/ngc2403.jpg]
[observatory.astro.utah.edu/universe.html]
[observatory.astro.utah.edu/astroinfo/universe_expand.gif]
[observatory.astro.utah.edu/paul.html]
[observatory.astro.utah.edu/phys4060.html]
[observatory.astro.utah.edu/astrolink.html]
[jg.revolvermaps.com/t.js]
[observatory.astro.utah.edu/astroinfo/PGR0003.jpg]
[observatory.astro.utah.edu/astroinfo/PGR0003-L.jpg]
[observatory.astro.utah.edu/astroinfo/Veil1.jpg]
[observatory.astro.utah.edu/astroinfo/Veil L.jpg]
[observatory.astro.utah.edu/astroinfo/Dumbbell enhanced.jpg]
[observatory.astro.utah.edu/astroinfo/Dumbbell enhanced L.jpg]
[observatory.astro.utah.edu/astroinfo/Dumbbell Colored.jpg]
[observatory.astro.utah.edu/astroinfo/Dumbbell Colored L.jpg]
[observatory.astro.utah.edu/astroinfo/IMG_0991 copy.jpg]
[observatory.astro.utah.edu/astroinfo/IMG_0991.jpg]
[observatory.astro.utah.edu/astroinfo/Eclipse_4-4-15-P-ricketts.jpg]
[observatory.astro.utah.edu/astroinfo/eclipse_4-4-15-p-ricketts2.jpg]
[observatory.astro.utah.edu/astroinfo/Asteroid_2004 BL86.jpg]
[observatory.astro.utah.edu/astroinfo/Comet_Lovejoy_2015.jpg]
[observatory.astro.utah.edu/astroinfo/Cellphone_luna.jpg]
[observatory.astro.utah.edu/astroinfo/Cellphone_luna_large.jpg]
[observatory.astro.utah.edu/astroinfo/Jupitermoontransit.jpg]
[observatory.astro.utah.edu/astroinfo/Jupiter_moon_transit_shadow.jpg]
[observatory.astro.utah.edu/astroinfo/Jupiter_moon_transit_shadow_large.jpg]
[observatory.astro.utah.edu/astroinfo/Eclipse-10-8-14.jpg]
[observatory.astro.utah.edu/astroinfo/M97.jpg]
[observatory.astro.utah.edu/astroinfo/m99.jpg]
[observatory.astro.utah.edu/astroinfo/ngc3169-2 copy.jpg]
[observatory.astro.utah.edu/astroinfo/orion neb copy.jpg]
[observatory.astro.utah.edu/astroinfo/Eclipse-4-15-14.jpg]
[observatory.astro.utah.edu/astroinfo/Sol 3-14-14a.jpg]
[observatory.astro.utah.edu/astroinfo/Sol 3-14-14.jpg]
[observatory.astro.utah.edu/astroinfo/M82--Supernova.jpg]
[observatory.astro.utah.edu/astroinfo/m16.jpg]
[observatory.astro.utah.edu/astroinfo/m16-large.jpg]
[observatory.astro.utah.edu/astroinfo/transit4.jpg]
[observatory.astro.utah.edu/astroinfo/transit5-130.jpg]
[observatory.astro.utah.edu/pics/paul/m57.jpg]
[observatory.astro.utah.edu/pics/paul/m57-large.jpg]
[observatory.astro.utah.edu/pics/paul/M20.jpg]
[observatory.astro.utah.edu/pics/paul/M20-large.jpg]
[observatory.astro.utah.edu/pics/paul/M27-1.jpg]
[observatory.astro.utah.edu/pics/paul/M27-1-large.jpg]
[observatory.astro.utah.edu/astroinfo/2013_08_14_16_35_00.jpg]
[observatory.astro.utah.edu/index.html]
[observatory.astro.utah.edu/pics/paul/IMG_0047 352.jpg]
[observatory.astro.utah.edu/pics/paul/dome500.jpg]
[observatory.astro.utah.edu/description.html]
[observatory.astro.utah.edu/pics/paul/14intele.jpg]
[observatory.astro.utah.edu/astro/index.html]
[observatory.astro.utah.edu/HTML5_thrColFixHdr.css]
[observatory.astro.utah.edu/astroinfo/AstronomUrs_logo.jpg]
[observatory.astro.utah.edu/astroinfo/IMG_0076.jpg]
[observatory.astro.utah.edu/astroinfo/IMG_2946.jpg]
[observatory.astro.utah.edu/astroinfo/IMG_1825.jpg]
[observatory.astro.utah.edu/astroinfo/IMG_2996.jpg]
[observatory.astro.utah.edu/astroinfo/IMG_2704.jpg]
[observatory.astro.utah.edu/astroinfo/1014312_10100162723093701_8650497550398695115_n.jpg]
[observatory.astro.utah.edu/astroinfo/10010721_684192208313483_2678510612725951036_o.jpg]
[observatory.astro.utah.edu/astroinfo/10257265_684192061646831_2022913993852879365_o.jpg]
[observatory.astro.utah.edu/outreach.html]
[observatory.astro.utah.edu/spocontact.html]
[observatory.astro.utah.edu/visitor.html]
[observatory.astro.utah.edu/astroinfo/Parking.jpg]
[observatory.astro.utah.edu/directions.html]
[observatory.astro.utah.edu/astroinfo/sombrero_button_1.jpg]
[observatory.astro.utah.edu/istyle.css]
[observatory.astro.utah.edu/astroinfo/sombrero_button_2.jpg]
[observatory.astro.utah.edu/thumbnailviewer.css]
[observatory.astro.utah.edu/SpryAssets/SpryMenuBarRight.gif]
[observatory.astro.utah.edu/SpryAssets/SpryMenuBarVertical.css]
[observatory.astro.utah.edu/SpryAssets/SpryMenuBarRightHover.gif]
[connect.facebook.net/en_US/all.js]
[observatory.astro.utah.edu/pics/eclipse_2012.gif]
[observatory.astro.utah.edu/Solar.html]
[observatory.astro.utah.edu/pics/2012-eclipse.gif]
[observatory.astro.utah.edu/Solar-bryce.html]
[observatory.astro.utah.edu/astro/leonidbolide.html]
[observatory.astro.utah.edu/univ.css]
[observatory.astro.utah.edu/astroinfo/trico1_prev.jpg]
[observatory.astro.utah.edu/astroinfo/eit001_prev.jpg]
[observatory.astro.utah.edu/astroinfo/c2eitcomp_prev.jpg]
[observatory.astro.utah.edu/astroinfo/bigspotfd_prev.jpg]
[observatory.astro.utah.edu/astroinfo/171925main_heliolayers_label_516.jpg]
[observatory.astro.utah.edu/astroinfo/corona.jpg]
[soho.nascom.nasa.gov/data/LATEST/current_eit_284.gif]
[observatory.astro.utah.edu/sun.html]
[observatory.astro.utah.edu/astroinfo/284cycle.jpg]
[observatory.astro.utah.edu/Mercury.html]
[observatory.astro.utah.edu/astroinfo/mercury.jpg]
[observatory.astro.utah.edu/venus.html]
[observatory.astro.utah.edu/astroinfo/Venus.jpg]
[observatory.astro.utah.edu/earth.html]
[observatory.astro.utah.edu/astroinfo/Earth1.jpg]
[observatory.astro.utah.edu/astroinfo/Mars.jpg]
[observatory.astro.utah.edu/astroinfo/Jupiter1.jpg]
[observatory.astro.utah.edu/astroinfo/True_Saturn.jpg]
[observatory.astro.utah.edu/astroinfo/Uranus.jpg]
[observatory.astro.utah.edu/astroinfo/Neptune.jpg]
[observatory.astro.utah.edu/ssplanets.html]
[observatory.astro.utah.edu/astroinfo/asteroid_ida.jpg]
[observatory.astro.utah.edu/astroinfo/comet_hartley.jpg]
[observatory.astro.utah.edu/astroinfo/Makemake1.jpg]
[observatory.astro.utah.edu/astroinfo/pluto.jpg]
[observatory.astro.utah.edu/astroinfo/ceres.jpg]
[observatory.astro.utah.edu/astroinfo/2004dw.gif]
[observatory.astro.utah.edu/SSO.html]
[observatory.astro.utah.edu/astroinfo/betelgeuse.jpg]
[observatory.astro.utah.edu/astroinfo/hst_wolf-rayet_9838.jpg]
[observatory.astro.utah.edu/astroinfo/1293257726892.jpg]
[observatory.astro.utah.edu/astroinfo/WhiteDwarfSirius.jpg]
[observatory.astro.utah.edu/astroinfo/neutronstar.jpg]
[observatory.astro.utah.edu/astroinfo/hr_diagram_big.jpg]
[observatory.astro.utah.edu/astroinfo/pillars.jpg]
[observatory.astro.utah.edu/astroinfo/orionproplyds.jpg]
[observatory.astro.utah.edu/astroinfo/600px-Protostar_HH-34.jpg]
[observatory.astro.utah.edu/astroinfo/Proton-ProtonChain.gif]
[observatory.astro.utah.edu/astroinfo/stars_cno_cycle_medium.jpg]
[observatory.astro.utah.edu/astroinfo/redgiant.jpg]
[observatory.astro.utah.edu/astroinfo/hshell.jpg]
[observatory.astro.utah.edu/astroinfo/hms-shell.jpg]
[observatory.astro.utah.edu/astroinfo/wd_hst.jpg]
[observatory.astro.utah.edu/astroinfo/casa_broadband.jpg]
[observatory.astro.utah.edu/astroinfo/cygnus_m_02.jpg]
[observatory.astro.utah.edu/astroinfo/ngc2818_hheritage_800.jpg]
[observatory.astro.utah.edu/astroinfo/Cygnus-Loop-Supernova-Remnant1.jpg]
[observatory.astro.utah.edu/astroinfo/CentaurusA.jpg]
[observatory.astro.utah.edu/Stars.html]
[observatory.astro.utah.edu/astroinfo/exoplanet_betapictoris3.jpg]
[observatory.astro.utah.edu/astroinfo/fomalhaut-annotated.jpg]
[observatory.astro.utah.edu/astroinfo/HR 8799.jpg]
[observatory.astro.utah.edu/astroinfo/gpi_direct.jpg]
[observatory.astro.utah.edu/astroinfo/pulsarb1509nasa.jpg]
[observatory.astro.utah.edu/exoplanet.html]
[observatory.astro.utah.edu/astroinfo/microlensing_infographic_Nasa.jpg]
[observatory.astro.utah.edu/astroinfo/PIA15256-1920x1200.jpg]
[observatory.astro.utah.edu/astroinfo/m42-1024a.jpg]
[observatory.astro.utah.edu/astroinfo/PIA13959.jpg]
[observatory.astro.utah.edu/astroinfo/orion1.jpg]
[observatory.astro.utah.edu/astroinfo/OrionC.jpg]
[observatory.astro.utah.edu/astroinfo/PIA14101.jpg]
[observatory.astro.utah.edu/astroinfo/PIA04216.jpg]
[observatory.astro.utah.edu/astroinfo/PIA09194.jpg]
[observatory.astro.utah.edu/astroinfo/PIA03678_ip.jpg]
[observatory.astro.utah.edu/astroinfo/PIA13446.jpg]
[observatory.astro.utah.edu/astroinfo/reflection-nebula-ic-2118.jpg]
[observatory.astro.utah.edu/astroinfo/space-154-ngc-2023-reflection-nebula_37983_600x450.jpg]
[observatory.astro.utah.edu/astroinfo/163125main_image_feature_701_ys_4.jpg]
[observatory.astro.utah.edu/astroinfo/trifidnebulam20.jpg]
[observatory.astro.utah.edu/astroinfo/merope_cfht_big.jpg]
[observatory.astro.utah.edu/astroinfo/pipeneb_beletsky.jpg]
[observatory.astro.utah.edu/astroinfo/PIA04215.jpg]
[observatory.astro.utah.edu/astroinfo/LDN162_DarkNebula_Sm.jpg]
[observatory.astro.utah.edu/astroinfo/snakenebula505.jpg]
[observatory.astro.utah.edu/astroinfo/PIA04223.jpg]
[observatory.astro.utah.edu/astroinfo/n63a_hst.jpg]
[observatory.astro.utah.edu/astroinfo/s147metsavainioNBMedium_c800.jpg]
[observatory.astro.utah.edu/astroinfo/keplersnr_chandra_big.jpg]
[observatory.astro.utah.edu/astroinfo/sn1006c.jpg]
[observatory.astro.utah.edu/astroinfo/Do-Supermassive-Stars-Explode-2.jpg]
[observatory.astro.utah.edu/astroinfo/LBN11455+0022.jpg]
[observatory.astro.utah.edu/astroinfo/IC1805.jpg]
[observatory.astro.utah.edu/astroinfo/Carina-Nebula.jpg]
[observatory.astro.utah.edu/astroinfo/catspaw_noao_big.jpg]
[observatory.astro.utah.edu/astroinfo/ngc6164_gemini_big.jpg]
[observatory.astro.utah.edu/nebula.html]
[observatory.astro.utah.edu/astroinfo/ngc6934_hst.jpg]
[observatory.astro.utah.edu/astroinfo/m80star_cluster.jpg]
[observatory.astro.utah.edu/astroinfo/385241main_omega_centauri_full_full_full.jpg]
[observatory.astro.utah.edu/astroinfo/M13_mtm.jpg]
[observatory.astro.utah.edu/astroinfo/M3_teuwen.jpg]
[observatory.astro.utah.edu/astroinfo/m31gc-gendlerCoreLeft.jpg]
[observatory.astro.utah.edu/astroinfo/m31gc-gendlerCoreRight.jpg]
[observatory.astro.utah.edu/astroinfo/clusters_2_ritter.jpg]
[observatory.astro.utah.edu/astroinfo/ngc290.jpg]
[observatory.astro.utah.edu/astroinfo/800px-Pleiades_large.jpg]
[observatory.astro.utah.edu/astroinfo/christmasTreeClusterParanal.jpg]
[observatory.astro.utah.edu/astroinfo/ngc6357a_hst.jpg]
[observatory.astro.utah.edu/clusters.html]
[observatory.astro.utah.edu/astroinfo/heic0615n.jpg]
[observatory.astro.utah.edu/astroinfo/hs-2008-35-j-full_jpg.jpg]
[observatory.astro.utah.edu/astroinfo/proto_galaxy.gif]
[observatory.astro.utah.edu/astroinfo/QuasarMc21635+119.jpg]
[observatory.astro.utah.edu/astroinfo/fornaxa_small-NRAO-AUI and J M Uson.jpg]
[observatory.astro.utah.edu/astroinfo/hst_ngc4414_9925.jpg]
[observatory.astro.utah.edu/astroinfo/PerseusCluster_gabany_abell426.jpg]
[observatory.astro.utah.edu/astroinfo/sings_3col.jpg]
[observatory.astro.utah.edu/astroinfo/arp-188tadpole-hubble.jpg]
[observatory.astro.utah.edu/astroinfo/ngc520-gemini.jpg]
[observatory.astro.utah.edu/astroinfo/ARP 273 02-hubble.jpg]
[observatory.astro.utah.edu/ARG-271-ESO-Lasille.jpg]
[observatory.astro.utah.edu/astroinfo/glx_hoags_object_6.jpg]
[observatory.astro.utah.edu/astroinfo/gabany_cropped_ngc4449_w_subaru_insert.jpg]
[observatory.astro.utah.edu/astroinfo/small_ring_ngc4013.jpg]
[observatory.astro.utah.edu/astroinfo/lrg_ring_ngc5907.jpg]
[observatory.astro.utah.edu/astroinfo/lrg_ngc5055.jpg]
[observatory.astro.utah.edu/astroinfo/small_inverted_with_color_insert_ngc3031.jpg]
[observatory.astro.utah.edu/astroinfo/cl0024_hstcomp_full.jpg]
[observatory.astro.utah.edu/astroinfo/darkmatter2.jpg]
[observatory.astro.utah.edu/astroinfo/56533main_MM_image_feature_142_jwfull.jpg]
[observatory.astro.utah.edu/astroinfo/MultiwavelengthMilkyWay.jpg]
[observatory.astro.utah.edu/galaxy.html]
[observatory.astro.utah.edu/astroinfo/Big_Bang_WMAP.jpg]
[observatory.astro.utah.edu/astroinfo/sim3dnew.jpg]
[observatory.astro.utah.edu/astroinfo/Distant_Galaxies-HST.jpg]
[observatory.astro.utah.edu/astroinfo/DistantGalaxyClusters-HST.jpg]
[observatory.astro.utah.edu/astroinfo/Galaxy Cluster SDSS J1004 4112_0.jpg]
[observatory.astro.utah.edu/astroinfo/hs-2011-25-a-web.jpg]
[observatory.astro.utah.edu/astroinfo/heic0901a_H1.jpg]
[observatory.astro.utah.edu/astroinfo/2MASS_LSS_chart-NEW.jpg]
[observatory.astro.utah.edu/astroinfo/abell1689.jpg]
[observatory.astro.utah.edu/astroinfo/end.jpg]
[observatory.astro.utah.edu/universe.html]
[observatory.astro.utah.edu/pics/paul/Milky Way 1 1280.jpg]
[observatory.astro.utah.edu/FPOphotos.html]
[observatory.astro.utah.edu/moonpage.html]
[observatory.astro.utah.edu/galaxypage.html]
[observatory.astro.utah.edu/plnebulapage.html]
[observatory.astro.utah.edu/difnebulapage.html]
[observatory.astro.utah.edu/starpage.html]
[observatory.astro.utah.edu/planetpage.html]
[observatory.astro.utah.edu/sunpage.html]
[observatory.astro.utah.edu/clusterpage.html]
[observatory.astro.utah.edu/superrem.html]
[observatory.astro.utah.edu/cometholmes.html]
[observatory.astro.utah.edu/spectra.html]
[observatory.astro.utah.edu/cometlulin.html]
[observatory.astro.utah.edu/friscohome.html]
[observatory.astro.utah.edu/boulderhome.html]
[observatory.astro.utah.edu/clevelandlakehome.html]
[observatory.astro.utah.edu/Milkyway.html]
[observatory.astro.utah.edu/mudspringshome.html]
[observatory.astro.utah.edu/otherpage.html]
[observatory.astro.utah.edu/paul.html]
[observatory.astro.utah.edu/pics/paul/class saturn 352.jpg]
[observatory.astro.utah.edu/pics/paul/class eskimo 352.jpg]
[observatory.astro.utah.edu/pics/paul/class orion 352.jpg]
[observatory.astro.utah.edu/pics/paul/whirpool-LRGB-spencerday.jpg]
[observatory.astro.utah.edu/pics/4060/eskimo2-352.jpg]
[observatory.astro.utah.edu/pics/paul/m101-352.jpg]
[observatory.astro.utah.edu/pics/paul/m51-352-2.jpg]
[observatory.astro.utah.edu/astro/Pics/4060/eskimoIranga.jpg]
[observatory.astro.utah.edu/astro/Pics/4060/m51Iranga.jpg]
[observatory.astro.utah.edu/astro/Pics/4060/m51Iranga2.jpg]
[observatory.astro.utah.edu/astro/Pics/4060/marsIranga.jpg]
[observatory.astro.utah.edu/astro/Pics/4060/moon2Iranga.jpg]
[observatory.astro.utah.edu/astro/Pics/4060/moonIranga.jpg]
[observatory.astro.utah.edu/astro/Pics/4060/OrionIranga.jpg]
[observatory.astro.utah.edu/phys4060.html]
[observatory.astro.utah.edu/astrolink.html]
[observatory.astro.utah.edu/astro/index.html]
[observatory.astro.utah.edu/HTML5_thrColFixHdr.css]
[observatory.astro.utah.edu/univ.css]
[observatory.astro.utah.edu/astroinfo/mercuryW.jpg]
[observatory.astro.utah.edu/astroinfo/mercury-sun.jpg]
[observatory.astro.utah.edu/astroinfo/mercury_&_earth_compared_800.jpg]
[observatory.astro.utah.edu/astroinfo/479009main_sodium_tail_movie.gif]
[observatory.astro.utah.edu/astroinfo/Mercury_mag.jpg]
[observatory.astro.utah.edu/astroinfo/Mercury_Magnetic_Field_NASA.jpg]
[observatory.astro.utah.edu/astroinfo/mercury_magnetic_field.jpg]
[observatory.astro.utah.edu/astroinfo/090430-mosaic-02.jpg]
[observatory.astro.utah.edu/Mercury.html]
[observatory.astro.utah.edu/astroinfo/bp1.jpg]
[observatory.astro.utah.edu/astroinfo/venus-vs-earth.jpg]
[observatory.astro.utah.edu/astroinfo/During_Venus_Express_orbit_number_465_on_30_july_2007.jpg]
[observatory.astro.utah.edu/astroinfo/Global_dynamics_of_Venus_northern_hemisphere_node_full_image.gif]
[observatory.astro.utah.edu/astroinfo/Venus-Vortex.jpg]
[observatory.astro.utah.edu/astroinfo/South_polar_dipole_movie_different_view_node_full_image.gif]
[observatory.astro.utah.edu/astroinfo/34_Karimabadi_H_1_big.jpg]
[observatory.astro.utah.edu/astroinfo/Comet-like_ionosphere_at_Venus_node_full_image.jpg]
[observatory.astro.utah.edu/astroinfo/venus orbit.jpg]
[observatory.astro.utah.edu/astroinfo/The_first_images_of_the_surface_of_Venus.jpg]
[observatory.astro.utah.edu/astroinfo/surface-of-venus.jpg]
[observatory.astro.utah.edu/astroinfo/venera14_1.jpg]
[observatory.astro.utah.edu/astroinfo/Thermal_and_radar_maps_of_Venus_surface_compared_node_full_image.jpg]
[observatory.astro.utah.edu/astroinfo/mag_venus.gif]
[observatory.astro.utah.edu/venus.html]
[ajax.googleapis.com/ajax/libs/jquery/1.3.2/jquery.min.js]
[observatory.astro.utah.edu/animatedcollapse.js]
[observatory.astro.utah.edu/astroinfo/planet-earth-high-resolution-image--A copy.jpg]
[observatory.astro.utah.edu/astroinfo/earth_cross_section_big.jpg]
[observatory.astro.utah.edu/astroinfo/Terrestrial_planet_size_comparisons.jpg]
[observatory.astro.utah.edu/astroinfo/global-water-volume.jpg]
[observatory.astro.utah.edu/astroinfo/Babp_TsCYAEmMww.jpg]
[observatory.astro.utah.edu/astroinfo/463940main_atmosphere-layers2_full.jpg]
[observatory.astro.utah.edu/astroinfo/Annual_Average_Temperature_Map.jpg]
[observatory.astro.utah.edu/astroinfo/Peri-aphe.jpg]
[observatory.astro.utah.edu/astroinfo/planet-earth-high-resolution-image--B.jpg]
[observatory.astro.utah.edu/earth.html]
[observatory.astro.utah.edu/stylefpo.css]
[observatory.astro.utah.edu/astro/fpopicshires/ngc891.html]
[observatory.astro.utah.edu/astro/pics/fpopics/NGC891.jpg]
[observatory.astro.utah.edu/astro/fpopicshires/horsehead.html]
[observatory.astro.utah.edu/astro/pics/fpopics/horsehead copy.jpg]
[observatory.astro.utah.edu/astro/fpopicshires/ic5338.html]
[observatory.astro.utah.edu/astro/pics/fpopics/ic 5338-B copy.jpg]
[observatory.astro.utah.edu/astro/fpopicshires/m1.html]
[observatory.astro.utah.edu/astro/pics/fpopics/M1-2 copy.jpg]
[observatory.astro.utah.edu/astro/fpopicshires/m2.html]
[observatory.astro.utah.edu/astro/pics/fpopics/m2-120 copy.jpg]
[observatory.astro.utah.edu/astro/fpopicshires/m27.html]
[observatory.astro.utah.edu/astro/pics/fpopics/m27 copy.jpg]
[observatory.astro.utah.edu/astro/fpopicshires/M31.html]
[observatory.astro.utah.edu/astro/pics/fpopics/m31-120 copy.jpg]
[observatory.astro.utah.edu/astro/fpopicshires/m33.html]
[observatory.astro.utah.edu/astro/pics/fpopics/m33-A copy.jpg]
[observatory.astro.utah.edu/astro/fpopicshires/m42.html]
[observatory.astro.utah.edu/astro/pics/fpopics/m42 copy.jpg]
[observatory.astro.utah.edu/astro/fpopicshires/Merope.html]
[observatory.astro.utah.edu/astro/pics/fpopics/m45 copy.jpg]
[observatory.astro.utah.edu/astro/fpopicshires/m57.html]
[observatory.astro.utah.edu/astro/pics/fpopics/m57-180 copy.jpg]
[observatory.astro.utah.edu/astro/fpopicshires/m42-color.html]
[observatory.astro.utah.edu/astro/pics/fpopics/m42-color.jpg]
[observatory.astro.utah.edu/astro/fpopicshires/m77.html]
[observatory.astro.utah.edu/astro/pics/fpopics/M77.JPG]
[observatory.astro.utah.edu/astro/fpopicshires/m81.html]
[observatory.astro.utah.edu/astro/pics/fpopics/m81 copy.jpg]
[observatory.astro.utah.edu/astro/fpopicshires/m82.html]
[observatory.astro.utah.edu/astro/pics/fpopics/m82 copy.jpg]
[observatory.astro.utah.edu/astro/fpopicshires/ngc6888.html]
[observatory.astro.utah.edu/astro/pics/fpopics/ngc 6888 -300 copy.jpg]
[observatory.astro.utah.edu/astro/fpopicshires/ngc6892.html]
[observatory.astro.utah.edu/astro/pics/fpopics/ngc 6982-300.jpg]
[observatory.astro.utah.edu/astro/fpopicshires/ngc6992.html]
[observatory.astro.utah.edu/astro/pics/fpopics/ngc 6992-240 copy.JPG]
[observatory.astro.utah.edu/astro/fpopicshires/ngc7662.html]
[observatory.astro.utah.edu/astro/pics/fpopics/ngc 7662 copy.JPG]
[observatory.astro.utah.edu/astro/fpopicshires/ngc7720.html]
[observatory.astro.utah.edu/astro/pics/fpopics/ngc 7720-300 copy.JPG]
[observatory.astro.utah.edu/astro/fpopicshires/ngc1274.html]
[observatory.astro.utah.edu/astro/pics/fpopics/ngc1274-1 copy.jpg]
[observatory.astro.utah.edu/astro/fpopicshires/ngc2264.html]
[observatory.astro.utah.edu/astro/pics/fpopics/ngc2264 copy.jpg]
[observatory.astro.utah.edu/astro/fpopicshires/m45.html]
[observatory.astro.utah.edu/astro/pics/fpopics/pleaides-color.jpg]
[observatory.astro.utah.edu/astro/fpopicshires/m81-color.html]
[observatory.astro.utah.edu/astro/pics/fpopics/m81-color.jpg]
[observatory.astro.utah.edu/astro/fpopicshires/ngc2419.html]
[observatory.astro.utah.edu/astro/pics/fpopics/ngc2419 copy.jpg]
[observatory.astro.utah.edu/astro/fpopicshires/ngc507.html]
[observatory.astro.utah.edu/astro/pics/fpopics/ngc507-a copy.jpg]
[observatory.astro.utah.edu/astro/fpopicshires/ngc6804.html]
[observatory.astro.utah.edu/astro/pics/fpopics/ngc6804 copy.jpg]
[observatory.astro.utah.edu/astro/fpopicshires/ngc6826.html]
[observatory.astro.utah.edu/astro/pics/fpopics/ngc6826 copy.jpg]
[observatory.astro.utah.edu/astro/fpopicshires/ngc6852.html]
[observatory.astro.utah.edu/astro/pics/fpopics/ngc6852 copy.jpg]
[observatory.astro.utah.edu/astro/fpopicshires/ngc6928.html]
[observatory.astro.utah.edu/astro/pics/fpopics/ngc6928 copy.jpg]
[observatory.astro.utah.edu/astro/fpopicshires/ngc7293.html]
[observatory.astro.utah.edu/astro/pics/fpopics/ngc7293 copy.jpg]
[observatory.astro.utah.edu/astro/fpopicshires/ngc7549.html]
[observatory.astro.utah.edu/astro/pics/fpopics/ngc7549 copy.jpg]
[observatory.astro.utah.edu/astro/fpopicshires/random.html]
[observatory.astro.utah.edu/astro/pics/fpopics/randomplace copy.jpg]
[observatory.astro.utah.edu/astro/fpopicshires/horseheadcolor.html]
[observatory.astro.utah.edu/astro/pics/fpopics/horsehead-color.jpg]
[observatory.astro.utah.edu/astro/fpopicshires/m31color.html]
[observatory.astro.utah.edu/astro/pics/fpopics/m31-color.jpg]
[observatory.astro.utah.edu/FPOphotos.html]
[observatory.astro.utah.edu/pics/paul/IMG_0048 352.jpg]
[observatory.astro.utah.edu/pics/paul/cresentandvenus352.jpg]
[observatory.astro.utah.edu/pics/paul/Moon5 352.jpg]
[observatory.astro.utah.edu/pics/paul/Moon 352.jpg]
[observatory.astro.utah.edu/moon.html]
[observatory.astro.utah.edu/pics/paul/moon 352-2.jpg]
[observatory.astro.utah.edu/pics/paul/IMG_0016 352.jpg]
[observatory.astro.utah.edu/moon 4.html]
[observatory.astro.utah.edu/pics/paul/moonovermountain352.jpg]
[observatory.astro.utah.edu/pics/paul/moon6352.jpg]
[observatory.astro.utah.edu/moonmountain.html]
[observatory.astro.utah.edu/moon3.html]
[observatory.astro.utah.edu/pics/paul/moon big 352.jpg]
[observatory.astro.utah.edu/pics/paul/moon star 352.jpg]
[observatory.astro.utah.edu/moon 5.html]
[observatory.astro.utah.edu/moonstar.html]
[observatory.astro.utah.edu/pics/paul/Lunar Eclipse 08-27-2007 0028-352.jpg]
[observatory.astro.utah.edu/pics/paul/Moon3-X-352.jpg]
[observatory.astro.utah.edu/lunaeclipse.html]
[observatory.astro.utah.edu/pics/paul/Moon2-X-352.jpg]
[observatory.astro.utah.edu/pics/paul/moon 21-X-352.jpg]
[observatory.astro.utah.edu/pics/paul/moon 21-X-352-B.jpg]
[observatory.astro.utah.edu/pics/paul/moon 21-X-352-A.jpg]
[observatory.astro.utah.edu/pics/paul/moon 32-352.jpg]
[observatory.astro.utah.edu/pics/paul/moon 31-X-352.jpg]
[observatory.astro.utah.edu/pics/paul/moon piluinasX-352.jpg]
[observatory.astro.utah.edu/pics/paul/moon piluinasX-352-A.jpg]
[observatory.astro.utah.edu/pics/paul/moon piluinasX-352-B.jpg]
[observatory.astro.utah.edu/pics/paul/moon 36-352.jpg]
[observatory.astro.utah.edu/pics/paul/moon 37-352.jpg]
[observatory.astro.utah.edu/pics/paul/moon 34-X-352.jpg]
[observatory.astro.utah.edu/pics/paul/moon 33-X-352.jpg]
[observatory.astro.utah.edu/pics/paul/moon 5-10-08 2-X2.jpg]
[observatory.astro.utah.edu/pics/paul/moon 5-10-08 3-X2.jpg]
[observatory.astro.utah.edu/pics/paul/moon 5-10-08 4-X2.jpg]
[observatory.astro.utah.edu/pics/paul/moon 5-10-08 5-X3.jpg]
[observatory.astro.utah.edu/pics/paul/moon zoom 5-10-08 1-XX Even.jpg]
[observatory.astro.utah.edu/pics/paul/moon 6-19-08-352.jpg]
[observatory.astro.utah.edu/pics/paul/Full Moon color-352.jpg]
[observatory.astro.utah.edu/pics/paul/moon22.jpg]
[observatory.astro.utah.edu/moonpage.html]
[observatory.astro.utah.edu/pics/paul/m101-860secclear B 352.jpg]
[observatory.astro.utah.edu/pics/paul/paul_pinwheel_resize.jpg]
[observatory.astro.utah.edu/pics/paul/IMG_0036 352.jpg]
[observatory.astro.utah.edu/pics/paul/ngc 404 C 352.jpg]
[observatory.astro.utah.edu/pics/paul/whirlpool 352.jpg]
[observatory.astro.utah.edu/pics/paul/m66 352.jpg]
[observatory.astro.utah.edu/pics/paul/wideangle m51 352.jpg]
[observatory.astro.utah.edu/pics/paul/M81 352.jpg]
[observatory.astro.utah.edu/whirlpool.html]
[observatory.astro.utah.edu/pics/paul/Andromeda352.jpg]
[observatory.astro.utah.edu/pics/paul/whirlpool352.jpg]
[observatory.astro.utah.edu/pics/paul/m101 352 bw.jpg]
[observatory.astro.utah.edu/pics/paul/sombreroA352.jpg]
[observatory.astro.utah.edu/pics/paul/barnard's galaxy NGC6822-352.jpg]
[observatory.astro.utah.edu/pics/paul/m51-352.jpg]
[observatory.astro.utah.edu/pics/paul/andromeda-352A.jpg]
[observatory.astro.utah.edu/pics/paul/andromeda-352.jpg]
[observatory.astro.utah.edu/pics/paul/m81-352-A.jpg]
[observatory.astro.utah.edu/pics/paul/m82-m81-352.jpg]
[observatory.astro.utah.edu/m81-82.html]
[observatory.astro.utah.edu/pics/paul/ngc 7479-352.jpg]
[observatory.astro.utah.edu/pics/paul/m51 clear2X-2-3-352.jpg]
[observatory.astro.utah.edu/pics/paul/leo trip crop 352.jpg]
[observatory.astro.utah.edu/pics/paul/IMG_0772B-352.jpg]
[observatory.astro.utah.edu/pics/paul/IMG_0772C-352.jpg]
[observatory.astro.utah.edu/pics/paul/M33-352.jpg]
[observatory.astro.utah.edu/pics/paul/andromeda-353.jpg]
[observatory.astro.utah.edu/pics/paul/m82-352.jpg]
[observatory.astro.utah.edu/pics/paul/leotrio352.jpg]
[observatory.astro.utah.edu/pics/paul/m65-352.jpg]
[observatory.astro.utah.edu/pics/paul/m51-352A.jpg]
[observatory.astro.utah.edu/pics/paul/m51wide.jpg]
[observatory.astro.utah.edu/pics/paul/m94-352.jpg]
[observatory.astro.utah.edu/pics/paul/M51-353.jpg]
[observatory.astro.utah.edu/pics/paul/m33-357.jpg]
[observatory.astro.utah.edu/astro/Pics/paul/Group3 copy.jpg]
[observatory.astro.utah.edu/M33.html]
[observatory.astro.utah.edu/astro/Pics/paul/leotrio copy.jpg]
[observatory.astro.utah.edu/astro/Pics/paul/m51 clear-LRGB copy.jpg]
[observatory.astro.utah.edu/galaxypage.html]
[observatory.astro.utah.edu/pics/paul/m57-LRGB A b 352.jpg]
[observatory.astro.utah.edu/pics/paul/IMG_0058 352.jpg]
[observatory.astro.utah.edu/pics/paul/ghost of jupiter b&w 352.jpg]
[observatory.astro.utah.edu/pics/paul/m27 b&w 352.jpg]
[observatory.astro.utah.edu/pics/paul/Blue Snowball 352.jpg]
[observatory.astro.utah.edu/pics/paul/cat's eye 352.jpg]
[observatory.astro.utah.edu/pics/paul/m27 352.jpg]
[observatory.astro.utah.edu/pics/paul/m27352.jpg]
[observatory.astro.utah.edu/m27.html]
[observatory.astro.utah.edu/pics/paul/paul_M57_resize.jpg]
[observatory.astro.utah.edu/pics/paul/ngc6852352A.jpg]
[observatory.astro.utah.edu/pics/paul/Blinking planetary-352.jpg]
[observatory.astro.utah.edu/pics/paul/m27-352.jpg]
[observatory.astro.utah.edu/pics/paul/ngc6818A-352.jpg]
[observatory.astro.utah.edu/pics/paul/NGC68181-X-352.jpg]
[observatory.astro.utah.edu/pics/paul/saturnneb-352.jpg]
[observatory.astro.utah.edu/pics/paul/m57-LRGB A b 352 dif.jpg]
[observatory.astro.utah.edu/pics/paul/cat's  eye ngc6543-352.jpg]
[observatory.astro.utah.edu/pics/paul/cat's  eye ngc6543 galA-352.jpg]
[observatory.astro.utah.edu/cats.html]
[observatory.astro.utah.edu/pics/paul/eskimo 2-352.jpg]
[observatory.astro.utah.edu/pics/paul/m57-A-352.jpg]
[observatory.astro.utah.edu/pics/paul/m27 h alpha-352.jpg]
[observatory.astro.utah.edu/pics/paul/cats eye LRGB-352.jpg]
[observatory.astro.utah.edu/pics/paul/m57-352.jpg]
[observatory.astro.utah.edu/pics/paul/m76-2.jpg]
[observatory.astro.utah.edu/pics/paul/ngc1535.jpg]
[observatory.astro.utah.edu/pics/paul/ngc6572.jpg]
[observatory.astro.utah.edu/pics/paul/dumbellHa-352.jpg]
[observatory.astro.utah.edu/pics/paul/dumbellS-352.jpg]
[observatory.astro.utah.edu/plnebulapage.html]
[observatory.astro.utah.edu/pics/paul/paul_omeganeb_resize.jpg]
[observatory.astro.utah.edu/pics/paul/IMG_0172 edited B 352.jpg]
[observatory.astro.utah.edu/pics/paul/IMG_0025B 352.jpg]
[observatory.astro.utah.edu/pics/paul/M43 352.jpg]
[observatory.astro.utah.edu/pics/paul/eagle neb 352.jpg]
[observatory.astro.utah.edu/pics/paul/eagle 352.jpg]
[observatory.astro.utah.edu/pics/paul/flame 352.jpg]
[observatory.astro.utah.edu/pics/paul/orion, running combo 352.jpg]
[observatory.astro.utah.edu/orion.html]
[observatory.astro.utah.edu/pics/paul/omega352.jpg]
[observatory.astro.utah.edu/pics/paul/trifid352A.jpg]
[observatory.astro.utah.edu/pics/paul/eagle352B.jpg]
[observatory.astro.utah.edu/pics/paul/eagle nebula 352.jpg]
[observatory.astro.utah.edu/pics/paul/eagle352.jpg]
[observatory.astro.utah.edu/pics/paul/trifid352.jpg]
[observatory.astro.utah.edu/eagle.html]
[observatory.astro.utah.edu/pics/paul/eagle-LRGBxxA-352.jpg]
[observatory.astro.utah.edu/pics/paul/M8-XA-352.jpg]
[observatory.astro.utah.edu/eagle2.html]
[observatory.astro.utah.edu/pics/paul/m43 color-352.jpg]
[observatory.astro.utah.edu/pics/paul/orion 2-352.jpg]
[observatory.astro.utah.edu/orion2.html]
[observatory.astro.utah.edu/pics/paul/orion-352.jpg]
[observatory.astro.utah.edu/pics/paul/flame-352.jpg]
[observatory.astro.utah.edu/orion3.html]
[observatory.astro.utah.edu/pics/paul/Orion H-alpha-352.jpg]
[observatory.astro.utah.edu/pics/paul/M8-352.jpg]
[observatory.astro.utah.edu/orion4.html]
[observatory.astro.utah.edu/m8.html]
[observatory.astro.utah.edu/pics/paul/lagoon m8 h-alpha-352.jpg]
[observatory.astro.utah.edu/pics/paul/lagoon m8 sulphur-352.jpg]
[observatory.astro.utah.edu/pics/paul/lagoon m8 oxygen-352.jpg]
[observatory.astro.utah.edu/pics/paul/Trifid 352.jpg]
[observatory.astro.utah.edu/m20.html]
[observatory.astro.utah.edu/pics/paul/M20-352.jpg]
[observatory.astro.utah.edu/pics/paul/orion-352-1.jpg]
[observatory.astro.utah.edu/pics/paul/orionHa0X3-352.jpg]
[observatory.astro.utah.edu/pics/paul/horse-352.jpg]
[observatory.astro.utah.edu/horse.html]
[observatory.astro.utah.edu/pics/paul/M42 combo-352.jpg]
[observatory.astro.utah.edu/pics/paul/m16A-352.jpg]
[observatory.astro.utah.edu/astro/eagle3.html]
[observatory.astro.utah.edu/pics/paul/m20-352A.jpg]
[observatory.astro.utah.edu/pics/paul/m17-352.jpg]
[observatory.astro.utah.edu/pics/paul/m8-353.jpg]
[observatory.astro.utah.edu/pics/paul/M42-A-352.jpg]
[observatory.astro.utah.edu/astro/M8M20.html]
[observatory.astro.utah.edu/pics/paul/M42-B-352.jpg]
[observatory.astro.utah.edu/astro/Pics/paul/eagleneb.jpg]
[observatory.astro.utah.edu/astro/Pics/paul/lagoonneb.jpg]
[observatory.astro.utah.edu/difnebulapage.html]
[observatory.astro.utah.edu/pics/paul/polarisroofX.jpg]
[observatory.astro.utah.edu/pics/paul/IMG_0110A 352.jpg]
[observatory.astro.utah.edu/pics/paul/beta mon color 352.jpg]
[observatory.astro.utah.edu/pics/paul/albiero 352.jpg]
[observatory.astro.utah.edu/pics/paul/cambell's 352.jpg]
[observatory.astro.utah.edu/pics/paul/doublestar352.jpg]
[observatory.astro.utah.edu/about.html]
[observatory.astro.utah.edu/pics/paul/mizar, alcor 352.jpg]
[observatory.astro.utah.edu/pics/paul/gam leo 352.jpg]
[observatory.astro.utah.edu/pics/paul/star trails352.jpg]
[observatory.astro.utah.edu/pics/paul/epslyr352.jpg]
[observatory.astro.utah.edu/pics/paul/rigel.jpg]
[observatory.astro.utah.edu/starpage.html]
[observatory.astro.utah.edu/pics/paul/saturn color 352.jpg]
[observatory.astro.utah.edu/pics/paul/paul_jupiter_crop.jpg]
[observatory.astro.utah.edu/pics/paul/saturn-LRGB4 352.jpg]
[observatory.astro.utah.edu/pics/paul/venus 352.jpg]
[observatory.astro.utah.edu/pics/paul/jupiter 352.jpg]
[observatory.astro.utah.edu/pics/paul/Uranus 08-05-06 352.jpg]
[observatory.astro.utah.edu/pics/paul/laaargesaturn352.jpg]
[observatory.astro.utah.edu/pics/paul/venus 352A.jpg]
[observatory.astro.utah.edu/pics/paul/jupiterred1-XX3BA352.jpg]
[observatory.astro.utah.edu/pics/paul/jupiterwide 2 352.jpg]
[observatory.astro.utah.edu/pics/paul/jupiter-LRGB2A352.jpg]
[observatory.astro.utah.edu/pics/paul/neptune-LRGB-352.jpg]
[observatory.astro.utah.edu/pics/paul/Neptune Triton 352.jpg]
[observatory.astro.utah.edu/pics/paul/mars-352.jpg]
[observatory.astro.utah.edu/pics/paul/saturn LRGB-b-2-352.jpg]
[observatory.astro.utah.edu/pics/paul/jupiter 08-04-08 label-352.jpg]
[observatory.astro.utah.edu/pics/paul/saturn-LRGB-352.jpg]
[observatory.astro.utah.edu/pics/paul/clearcombo-LRGB352.jpg]
[observatory.astro.utah.edu/pics/paul/Saturn1-352.jpg]
[observatory.astro.utah.edu/pics/paul/jupitersulfur352.jpg]
[observatory.astro.utah.edu/pics/paul/jupiterHa1-352.jpg]
[observatory.astro.utah.edu/pics/paul/jupiter+Io2.gif]
[observatory.astro.utah.edu/pics/paul/Jupiter 1-a.jpg]
[observatory.astro.utah.edu/pics/paul/Jupiter 2-a.jpg]
[observatory.astro.utah.edu/planetpage.html]
[observatory.astro.utah.edu/pics/paul/sun 8-12-0610 352.jpg]
[observatory.astro.utah.edu/pics/paul/IMG_0063 resized.jpg]
[observatory.astro.utah.edu/pics/paul/spot 352.jpg]
[observatory.astro.utah.edu/pics/paul/IMG_0002 Resized b.jpg]
[observatory.astro.utah.edu/transit.html]
[observatory.astro.utah.edu/pics/paul/sun spot 352.jpg]
[observatory.astro.utah.edu/pics/paul/sun sprite 352.jpg]
[observatory.astro.utah.edu/953.html]
[observatory.astro.utah.edu/953A.html]
[observatory.astro.utah.edu/pics/paul/sun full 352.jpg]
[observatory.astro.utah.edu/pics/paul/sun combo 352.jpg]
[observatory.astro.utah.edu/953b.html]
[observatory.astro.utah.edu/953c.html]
[observatory.astro.utah.edu/pics/paul/sun09-352.jpg]
[observatory.astro.utah.edu/pics/paul/sun01-352.jpg]
[observatory.astro.utah.edu/pics/paul/sun02-352.jpg]
[observatory.astro.utah.edu/pics/paul/sun04-352.jpg]
[observatory.astro.utah.edu/pics/paul/sun05-352.jpg]
[observatory.astro.utah.edu/pics/paul/sun06-352.jpg]
[observatory.astro.utah.edu/pics/paul/prominence 5-5-08 352.jpg]
[observatory.astro.utah.edu/pics/paul/prominence B 5-5-08 352.jpg]
[observatory.astro.utah.edu/pics/paul/sun set.gif]
[observatory.astro.utah.edu/sunpage.html]
[observatory.astro.utah.edu/pics/paul/M13 color 352.jpg]
[observatory.astro.utah.edu/pics/paul/ngc6934-352.jpg]
[observatory.astro.utah.edu/pics/paul/M19 LRGB352.jpg]
[observatory.astro.utah.edu/pics/paul/m12-352.jpg]
[observatory.astro.utah.edu/pics/paul/m56 352.jpg]
[observatory.astro.utah.edu/pics/paul/pleadies-352.jpg]
[observatory.astro.utah.edu/pics/paul/pleadies2-352.jpg]
[observatory.astro.utah.edu/pics/paul/ngc6121-352.jpg]
[observatory.astro.utah.edu/pleiades.html]
[observatory.astro.utah.edu/pics/paul/m13-352.jpg]
[observatory.astro.utah.edu/pics/paul/ngc457-352.jpg]
[observatory.astro.utah.edu/pics/paul/c25-352.jpg]
[observatory.astro.utah.edu/pics/paul/m3-352.jpg]
[observatory.astro.utah.edu/astro/m3.html]
[observatory.astro.utah.edu/clusterpage.html]
[observatory.astro.utah.edu/pics/paul/PleadesB copy.jpg]
[observatory.astro.utah.edu/pics/paul/ngc6995-352.jpg]
[observatory.astro.utah.edu/pics/paul/VIEL NEB-352.jpg]
[observatory.astro.utah.edu/pics/paul/crab-352.jpg]
[observatory.astro.utah.edu/pics/paul/crab352.jpg]
[observatory.astro.utah.edu/superrem.html]
[observatory.astro.utah.edu/pics/paul/Comet Holmes 10-A.jpg]
[observatory.astro.utah.edu/pics/paul/Comet Holmes 24-B.jpg]
[observatory.astro.utah.edu/pics/paul/Comet Holmes 14-A.jpg]
[observatory.astro.utah.edu/pics/paul/Comet Holmes C-1024.jpg]
[observatory.astro.utah.edu/pics/paul/Comet Holmes B-1024.jpg]
[observatory.astro.utah.edu/pics/paul/Comet Holmes 1024 A.jpg]
[observatory.astro.utah.edu/pics/paul/comet holmes 11-05-07 1024.jpg]
[observatory.astro.utah.edu/pics/paul/comet1280.jpg]
[observatory.astro.utah.edu/pics/paul/comet-1024-2.jpg]
[observatory.astro.utah.edu/pics/paul/comet1-X copy.jpg]
[observatory.astro.utah.edu/pics/paul/comet-11-14-07 1024-2.jpg]
[observatory.astro.utah.edu/pics/paul/Comet Holmes 12-3-07 1024-full.jpg]
[observatory.astro.utah.edu/cometholmes.html]
[observatory.astro.utah.edu/pics/paul/Comet Holmes-2 12-3-07 1024-2.jpg]
[observatory.astro.utah.edu/pics/paul/altair-470nm.jpg]
[observatory.astro.utah.edu/pics/paul/altair-660nm.jpg]
[observatory.astro.utah.edu/pics/paul/caph-660nm.jpg]
[observatory.astro.utah.edu/pics/paul/caph470nm.jpg]
[observatory.astro.utah.edu/pics/paul/hd168009-590nm.jpg]
[observatory.astro.utah.edu/pics/paul/hd168009-660nm.jpg]
[observatory.astro.utah.edu/pics/paul/hd182572-590nm.jpg]
[observatory.astro.utah.edu/pics/paul/hd182572-660nm.jpg]
[observatory.astro.utah.edu/pics/paul/vega-470nmA.jpg]
[observatory.astro.utah.edu/pics/paul/arcturus-660nm.jpg]
[observatory.astro.utah.edu/pics/paul/capella540nm.jpg]
[observatory.astro.utah.edu/pics/paul/hd144579-660nm.jpg]
[observatory.astro.utah.edu/pics/paul/sirius550nm.jpg]
[observatory.astro.utah.edu/spectra.html]
[observatory.astro.utah.edu/pics/paul/lulin2-30fps-2.gif]
[observatory.astro.utah.edu/cometlulin.html]
[observatory.astro.utah.edu/pics/paul/lulin800.jpg]
[observatory.astro.utah.edu/pics/paul/frisco-352.jpg]
[observatory.astro.utah.edu/pics/paul/frisco 2-352.jpg]
[observatory.astro.utah.edu/frisco1.html]
[observatory.astro.utah.edu/frisco2.html]
[observatory.astro.utah.edu/pics/paul/frisco 3-352.jpg]
[observatory.astro.utah.edu/pics/paul/frisco 4-352.jpg]
[observatory.astro.utah.edu/frisco3.html]
[observatory.astro.utah.edu/frisco4.html]
[observatory.astro.utah.edu/pics/paul/frisco 5-352.jpg]
[observatory.astro.utah.edu/frisco5.html]
[observatory.astro.utah.edu/friscohome.html]
[observatory.astro.utah.edu/pics/paul/Boulder Mtn 0002-352.jpg]
[observatory.astro.utah.edu/pics/paul/Boulder Mtn 0003-352.jpg]
[observatory.astro.utah.edu/boulder1.html]
[observatory.astro.utah.edu/boulder2.html]
[observatory.astro.utah.edu/pics/paul/Boulder Mtn 0007-352.jpg]
[observatory.astro.utah.edu/pics/paul/Boulder Mtn 0008-352.jpg]
[observatory.astro.utah.edu/boulder3.html]
[observatory.astro.utah.edu/boulder4.html]
[observatory.astro.utah.edu/pics/paul/Boulder Mtn 0017-352.jpg]
[observatory.astro.utah.edu/pics/paul/Boulder Mtn 0020-352.jpg]
[observatory.astro.utah.edu/boulder5.html]
[observatory.astro.utah.edu/boulder6.html]
[observatory.astro.utah.edu/boulderhome.html]
[observatory.astro.utah.edu/pics/paul/Cleavland Lake 8-10-07000-352.jpg]
[observatory.astro.utah.edu/pics/paul/Cleavland Lake 8-10-070002-352.jpg]
[observatory.astro.utah.edu/cleveland1.html]
[observatory.astro.utah.edu/cleveland2.html]
[observatory.astro.utah.edu/pics/paul/Cleavland Lake 8-10-070005-352.jpg]
[observatory.astro.utah.edu/pics/paul/Cleavland Lake 8-10-070007-352.jpg]
[observatory.astro.utah.edu/cleveland3.html]
[observatory.astro.utah.edu/cleveland4.html]
[observatory.astro.utah.edu/pics/paul/Cleavland Lake 8-10-070008-352.jpg]
[observatory.astro.utah.edu/pics/paul/Cleavland Lake 8-10-070018-352.jpg]
[observatory.astro.utah.edu/cleveland5.html]
[observatory.astro.utah.edu/clevelandlakehome.html]
[observatory.astro.utah.edu/cleveland6.html]
[observatory.astro.utah.edu/pics/paul/Milky Way 2 352.jpg]
[observatory.astro.utah.edu/pics/paul/Milky Way 3 352.jpg]
[observatory.astro.utah.edu/milkyway1.html]
[observatory.astro.utah.edu/milkyway3.html]
[observatory.astro.utah.edu/pics/paul/Milky Way 4 352.jpg]
[observatory.astro.utah.edu/pics/paul/Milky Way 7 352.jpg]
[observatory.astro.utah.edu/milkyway4.html]
[observatory.astro.utah.edu/milkyway5.html]
[observatory.astro.utah.edu/pics/paul/Parker Star Trails1 352.jpg]
[observatory.astro.utah.edu/pics/paul/Parker Star Trails 352.jpg]
[observatory.astro.utah.edu/parkerstartrails.html]
[observatory.astro.utah.edu/parkerstartrails1.html]
[observatory.astro.utah.edu/pics/paul/Parker Site 6-21 trails352.jpg]
[observatory.astro.utah.edu/pics/paul/Parker Site 6-21 trails A352.jpg]
[observatory.astro.utah.edu/parkerstartrails2.html]
[observatory.astro.utah.edu/parkerstartrails3.html]
[observatory.astro.utah.edu/pics/paul/Parker 07-05-07 0091-352.jpg]
[observatory.astro.utah.edu/pics/paul/Parker 07-05-07 0096-352.jpg]
[observatory.astro.utah.edu/parkermilkyway7.html]
[observatory.astro.utah.edu/parkermilkyway8.html]
[observatory.astro.utah.edu/pics/paul/parker 06-14-07 0067-352.jpg]
[observatory.astro.utah.edu/Milkyway.html]
[observatory.astro.utah.edu/parkermilkyway6.html]
[observatory.astro.utah.edu/pics/paul/mudsprings 10-10-07 352.jpg]
[observatory.astro.utah.edu/pics/paul/mudsprings 10-09-07 352.jpg]
[observatory.astro.utah.edu/mud1.html]
[observatory.astro.utah.edu/mud2.html]
[observatory.astro.utah.edu/pics/paul/mud springs milkyway 352.jpg]
[observatory.astro.utah.edu/pics/paul/mudsprings-2A 10-10-07 352.jpg]
[observatory.astro.utah.edu/mud3.html]
[observatory.astro.utah.edu/mud4.html]
[observatory.astro.utah.edu/mudspringshome.html]
[observatory.astro.utah.edu/pics/paul/IMG_0076 resized 352.jpg]
[observatory.astro.utah.edu/pics/paul/observatory 6-18 352.jpg]
[observatory.astro.utah.edu/dome.html]
[observatory.astro.utah.edu/pics/paul/wideangleslc710.jpg]
[observatory.astro.utah.edu/slcval.html]
[observatory.astro.utah.edu/pics/paul/fireworksA352.jpg]
[observatory.astro.utah.edu/pics/paul/fireworks352.jpg]
[observatory.astro.utah.edu/pics/paul/IMG_4044-0.jpg]
[observatory.astro.utah.edu/pics/paul/IMG_4724-0.jpg]
[observatory.astro.utah.edu/pics/paul/IMG_4744-0.jpg]
[observatory.astro.utah.edu/pics/paul/IMG_4752-0.jpg]
[observatory.astro.utah.edu/pics/paul/IMG_4796-0.jpg]
[observatory.astro.utah.edu/pics/paul/IMG_4798-0.jpg]
[observatory.astro.utah.edu/pics/paul/IMG_4813-0.jpg]
[observatory.astro.utah.edu/otherpage.html]
[observatory.astro.utah.edu/astro/Pics/4060/eskimoIranga.html]
[observatory.astro.utah.edu/astro/Pics/4060/m51Iranga.html]
[observatory.astro.utah.edu/astro/Pics/4060/m51Iranga2.html]
[observatory.astro.utah.edu/astro/Pics/4060/marsIranga.html]
[observatory.astro.utah.edu/astro/Pics/4060/moon2Iranga.html]
[observatory.astro.utah.edu/astro/Pics/4060/moonIranga.html]
[observatory.astro.utah.edu/astro/Pics/4060/OrionIranga.html]
[observatory.astro.utah.edu/stylefpo.css]
[observatory.astro.utah.edu/astro/fpopicshires/ngc891.html]
[observatory.astro.utah.edu/astro/pics/fpopics/NGC891.html]
[observatory.astro.utah.edu/astro/fpopicshires/horsehead.html]
[observatory.astro.utah.edu/astro/pics/fpopics/horsehead copy.html]
[observatory.astro.utah.edu/astro/fpopicshires/ic5338.html]
[observatory.astro.utah.edu/astro/pics/fpopics/ic 5338-B copy.html]
[observatory.astro.utah.edu/astro/fpopicshires/m1.html]
[observatory.astro.utah.edu/astro/pics/fpopics/M1-2 copy.html]
[observatory.astro.utah.edu/astro/fpopicshires/m2.html]
[observatory.astro.utah.edu/astro/pics/fpopics/m2-120 copy.html]
[observatory.astro.utah.edu/astro/fpopicshires/m27.html]
[observatory.astro.utah.edu/astro/pics/fpopics/m27 copy.html]
[observatory.astro.utah.edu/astro/fpopicshires/M31.html]
[observatory.astro.utah.edu/astro/pics/fpopics/m31-120 copy.html]
[observatory.astro.utah.edu/astro/fpopicshires/m33.html]
[observatory.astro.utah.edu/astro/pics/fpopics/m33-A copy.html]
[observatory.astro.utah.edu/astro/fpopicshires/m42.html]
[observatory.astro.utah.edu/astro/pics/fpopics/m42 copy.html]
[observatory.astro.utah.edu/astro/fpopicshires/Merope.html]
[observatory.astro.utah.edu/astro/pics/fpopics/m45 copy.html]
[observatory.astro.utah.edu/astro/fpopicshires/m57.html]
[observatory.astro.utah.edu/astro/pics/fpopics/m57-180 copy.html]
[observatory.astro.utah.edu/astro/fpopicshires/m42-color.html]
[observatory.astro.utah.edu/astro/pics/fpopics/m42-color.html]
[observatory.astro.utah.edu/astro/fpopicshires/m77.html]
[observatory.astro.utah.edu/astro/pics/fpopics/M77.html]
[observatory.astro.utah.edu/astro/fpopicshires/m81.html]
[observatory.astro.utah.edu/astro/pics/fpopics/m81 copy.html]
[observatory.astro.utah.edu/astro/fpopicshires/m82.html]
[observatory.astro.utah.edu/astro/pics/fpopics/m82 copy.html]
[observatory.astro.utah.edu/astro/fpopicshires/ngc6888.html]
[observatory.astro.utah.edu/astro/pics/fpopics/ngc 6888 -300 copy.html]
[observatory.astro.utah.edu/astro/fpopicshires/ngc6892.html]
[observatory.astro.utah.edu/astro/pics/fpopics/ngc 6982-300.html]
[observatory.astro.utah.edu/astro/fpopicshires/ngc6992.html]
[observatory.astro.utah.edu/astro/pics/fpopics/ngc 6992-240 copy.html]
[observatory.astro.utah.edu/astro/fpopicshires/ngc7662.html]
[observatory.astro.utah.edu/astro/pics/fpopics/ngc 7662 copy.html]
[observatory.astro.utah.edu/astro/fpopicshires/ngc7720.html]
[observatory.astro.utah.edu/astro/pics/fpopics/ngc 7720-300 copy.html]
[observatory.astro.utah.edu/astro/fpopicshires/ngc1274.html]
[observatory.astro.utah.edu/astro/pics/fpopics/ngc1274-1 copy.html]
[observatory.astro.utah.edu/astro/fpopicshires/ngc2264.html]
[observatory.astro.utah.edu/astro/pics/fpopics/ngc2264 copy.html]
[observatory.astro.utah.edu/astro/fpopicshires/m45.html]
[observatory.astro.utah.edu/astro/pics/fpopics/pleaides-color.html]
[observatory.astro.utah.edu/astro/fpopicshires/m81-color.html]
[observatory.astro.utah.edu/astro/pics/fpopics/m81-color.html]
[observatory.astro.utah.edu/astro/fpopicshires/ngc2419.html]
[observatory.astro.utah.edu/astro/pics/fpopics/ngc2419 copy.html]
[observatory.astro.utah.edu/astro/fpopicshires/ngc507.html]
[observatory.astro.utah.edu/astro/pics/fpopics/ngc507-a copy.html]
[observatory.astro.utah.edu/astro/fpopicshires/ngc6804.html]
[observatory.astro.utah.edu/astro/pics/fpopics/ngc6804 copy.html]
[observatory.astro.utah.edu/astro/fpopicshires/ngc6826.html]
[observatory.astro.utah.edu/astro/pics/fpopics/ngc6826 copy.html]
[observatory.astro.utah.edu/astro/fpopicshires/ngc6852.html]
[observatory.astro.utah.edu/astro/pics/fpopics/ngc6852 copy.html]
[observatory.astro.utah.edu/astro/fpopicshires/ngc6928.html]
[observatory.astro.utah.edu/astro/pics/fpopics/ngc6928 copy.html]
[observatory.astro.utah.edu/astro/fpopicshires/ngc7293.html]
[observatory.astro.utah.edu/astro/pics/fpopics/ngc7293 copy.html]
[observatory.astro.utah.edu/astro/fpopicshires/ngc7549.html]
[observatory.astro.utah.edu/astro/pics/fpopics/ngc7549 copy.html]
[observatory.astro.utah.edu/astro/fpopicshires/random.html]
[observatory.astro.utah.edu/astro/pics/fpopics/randomplace copy.html]
[observatory.astro.utah.edu/astro/fpopicshires/horseheadcolor.html]
[observatory.astro.utah.edu/astro/pics/fpopics/horsehead-color.html]
[observatory.astro.utah.edu/astro/fpopicshires/m31color.html]
[observatory.astro.utah.edu/astro/pics/fpopics/m31-color.html]
[observatory.astro.utah.edu/pics/paul/Moon A 1024.jpg]
[observatory.astro.utah.edu/moon.html]
[observatory.astro.utah.edu/pics/paul/moon 1024.jpg]
[observatory.astro.utah.edu/moon 4.html]
[observatory.astro.utah.edu/pics/paul/moon over mountain 1024.jpg]
[observatory.astro.utah.edu/moonmountain.html]
[observatory.astro.utah.edu/pics/paul/moon 3 1280.jpg]
[observatory.astro.utah.edu/moon3.html]
[observatory.astro.utah.edu/pics/paul/moon big 1024.jpg]
[observatory.astro.utah.edu/moon 5.html]
[observatory.astro.utah.edu/pics/paul/moon star.jpg]
[observatory.astro.utah.edu/moonstar.html]
[observatory.astro.utah.edu/pics/paul/Lunar Eclipse 08-27-2007 0028-1024.jpg]
[observatory.astro.utah.edu/lunaeclipse.html]
[observatory.astro.utah.edu/pics/paul/wideangle m51 A.jpg]
[observatory.astro.utah.edu/whirlpool.html]
[observatory.astro.utah.edu/pics/paul/m82-m81-1024.jpg]
[observatory.astro.utah.edu/m81-82.html]
[observatory.astro.utah.edu/astro/Pics/paul/Group3 copy.html]
[observatory.astro.utah.edu/pics/paul/m33-800.jpg]
[observatory.astro.utah.edu/M33.html]
[observatory.astro.utah.edu/astro/Pics/paul/leotrio copy.html]
[observatory.astro.utah.edu/astro/Pics/paul/m51 clear-LRGB copy.html]
[observatory.astro.utah.edu/pics/paul/m27.jpg]
[observatory.astro.utah.edu/m27.html]
[observatory.astro.utah.edu/pics/paul/m27combo.jpg]
[observatory.astro.utah.edu/pics/paul/cat's  eye ngc6543 galA.jpg]
[observatory.astro.utah.edu/cats.html]
[observatory.astro.utah.edu/pics/paul/orion, running combo 1024.jpg]
[observatory.astro.utah.edu/orion.html]
[observatory.astro.utah.edu/pics/paul/eagle1024A.jpg]
[observatory.astro.utah.edu/eagle.html]
[observatory.astro.utah.edu/pics/paul/eagle-LRGBxxA.jpg]
[observatory.astro.utah.edu/eagle2.html]
[observatory.astro.utah.edu/pics/paul/orion 2-1024.jpg]
[observatory.astro.utah.edu/orion2.html]
[observatory.astro.utah.edu/pics/paul/orion-1024.jpg]
[observatory.astro.utah.edu/orion3.html]
[observatory.astro.utah.edu/pics/paul/Orion H-alpha-1024.jpg]
[observatory.astro.utah.edu/orion4.html]
[observatory.astro.utah.edu/pics/paul/M8.jpg]
[observatory.astro.utah.edu/pics/paul/lagoon m8 h-alpha-a.jpg]
[observatory.astro.utah.edu/pics/paul/lagoon m8 oxygen.jpg]
[observatory.astro.utah.edu/m8.html]
[observatory.astro.utah.edu/pics/paul/lagoon m8 sulphur.jpg]
[observatory.astro.utah.edu/pics/paul/Trifid-1024.jpg]
[observatory.astro.utah.edu/m20.html]
[observatory.astro.utah.edu/pics/paul/horse-1024.jpg]
[observatory.astro.utah.edu/horse.html]
[observatory.astro.utah.edu/astro/eagle3.html]
[observatory.astro.utah.edu/astro/M8M20.html]
[observatory.astro.utah.edu/astro/Pics/paul/eagleneb.html]
[observatory.astro.utah.edu/astro/Pics/paul/lagoonneb.html]
[observatory.astro.utah.edu/pics/paul/cambell's.jpg]
[observatory.astro.utah.edu/about.html]
[observatory.astro.utah.edu/pics/paul/IMG_0002 Resized.jpg]
[observatory.astro.utah.edu/transit.html]
[observatory.astro.utah.edu/pics/paul/sun spot 124.jpg]
[observatory.astro.utah.edu/953.html]
[observatory.astro.utah.edu/pics/paul/sun sprite 1024.jpg]
[observatory.astro.utah.edu/953A.html]
[observatory.astro.utah.edu/pics/paul/sun full 1024.jpg]
[observatory.astro.utah.edu/953b.html]
[observatory.astro.utah.edu/pics/paul/sun combo 1024.jpg]
[observatory.astro.utah.edu/953c.html]
[observatory.astro.utah.edu/pics/paul/pleadies2-1280-2.jpg]
[observatory.astro.utah.edu/pleiades.html]
[observatory.astro.utah.edu/astro/m3.html]
[observatory.astro.utah.edu/pics/paul/frisco-1024.jpg]
[observatory.astro.utah.edu/frisco1.html]
[observatory.astro.utah.edu/pics/paul/frisco 2-1024.jpg]
[observatory.astro.utah.edu/frisco2.html]
[observatory.astro.utah.edu/pics/paul/frisco 3-1024.jpg]
[observatory.astro.utah.edu/frisco3.html]
[observatory.astro.utah.edu/pics/paul/frisco 4-1024.jpg]
[observatory.astro.utah.edu/frisco4.html]
[observatory.astro.utah.edu/pics/paul/frisco 5-1024.jpg]
[observatory.astro.utah.edu/pics/paul/frisco milyway 2-352.gif]
[observatory.astro.utah.edu/frisco5.html]
[observatory.astro.utah.edu/pics/paul/Boulder Mtn 0002-1024.jpg]
[observatory.astro.utah.edu/boulder1.html]
[observatory.astro.utah.edu/pics/paul/Boulder Mtn 0003-1024.jpg]
[observatory.astro.utah.edu/boulder2.html]
[observatory.astro.utah.edu/pics/paul/Boulder Mtn 0007-1024.jpg]
[observatory.astro.utah.edu/boulder3.html]
[observatory.astro.utah.edu/pics/paul/Boulder Mtn 0008-1024.jpg]
[observatory.astro.utah.edu/boulder4.html]
[observatory.astro.utah.edu/pics/paul/Boulder Mtn 0017-1024.jpg]
[observatory.astro.utah.edu/boulder5.html]
[observatory.astro.utah.edu/pics/paul/Boulder Mtn 0020-1024.jpg]
[observatory.astro.utah.edu/boulder6.html]
[observatory.astro.utah.edu/pics/paul/Cleavland Lake 8-10-07000-768.jpg]
[observatory.astro.utah.edu/cleveland1.html]
[observatory.astro.utah.edu/pics/paul/Cleavland Lake 8-10-070002-1024.jpg]
[observatory.astro.utah.edu/cleveland2.html]
[observatory.astro.utah.edu/pics/paul/Cleavland Lake 8-10-070005-1024.jpg]
[observatory.astro.utah.edu/cleveland3.html]
[observatory.astro.utah.edu/pics/paul/Cleavland Lake 8-10-070007-1024.jpg]
[observatory.astro.utah.edu/cleveland4.html]
[observatory.astro.utah.edu/pics/paul/Cleavland Lake 8-10-070008-1024.jpg]
[observatory.astro.utah.edu/cleveland5.html]
[observatory.astro.utah.edu/pics/paul/Cleavland Lake 8-10-070018-1268.jpg]
[observatory.astro.utah.edu/cleveland6.html]
[observatory.astro.utah.edu/pics/paul/Milky Way 2 1026.jpg]
[observatory.astro.utah.edu/milkyway1.html]
[observatory.astro.utah.edu/pics/paul/Milky Way 3 1026.jpg]
[observatory.astro.utah.edu/milkyway3.html]
[observatory.astro.utah.edu/pics/paul/Milky Way 4 1026.jpg]
[observatory.astro.utah.edu/milkyway4.html]
[observatory.astro.utah.edu/pics/paul/Milky Way 7 1026.jpg]
[observatory.astro.utah.edu/milkyway5.html]
[observatory.astro.utah.edu/pics/paul/Parker Star Trails 1.jpg]
[observatory.astro.utah.edu/parkerstartrails.html]
[observatory.astro.utah.edu/pics/paul/Parker Star Trails.jpg]
[observatory.astro.utah.edu/parkerstartrails1.html]
[observatory.astro.utah.edu/pics/paul/Parker Site 6-21 trails1024.jpg]
[observatory.astro.utah.edu/parkerstartrails2.html]
[observatory.astro.utah.edu/pics/paul/Parker Site 6-21 trails A1024.jpg]
[observatory.astro.utah.edu/parkerstartrails3.html]
[observatory.astro.utah.edu/pics/paul/Parker 07-05-07 0091-1024.jpg]
[observatory.astro.utah.edu/parkermilkyway7.html]
[observatory.astro.utah.edu/pics/paul/Parker 07-05-07 0096-1024.jpg]
[observatory.astro.utah.edu/parkermilkyway8.html]
[observatory.astro.utah.edu/pics/paul/parker 06-14-07 0067-1024.jpg]
[observatory.astro.utah.edu/parkermilkyway6.html]
[observatory.astro.utah.edu/pics/paul/mudsprings 10-10-07 1024-2.jpg]
[observatory.astro.utah.edu/mud1.html]
[observatory.astro.utah.edu/pics/paul/mudsprings 10-09-07 1024-2.jpg]
[observatory.astro.utah.edu/mud2.html]
[observatory.astro.utah.edu/pics/paul/mud springs milkyway 1024.jpg]
[observatory.astro.utah.edu/mud3.html]
[observatory.astro.utah.edu/pics/paul/mudsprings-2A 10-10-07 1024.jpg]
[observatory.astro.utah.edu/mud4.html]
[observatory.astro.utah.edu/pics/paul/observatory 6-180218 1024.jpg]
[observatory.astro.utah.edu/dome.html]
[observatory.astro.utah.edu/pics/paul/wideangleslc1800.jpg]
[observatory.astro.utah.edu/slcval.html]
